###############################################################################
#                                                                             #
# IAR ELF Linker V1.40.1.50106 for STM8                 23/Jun/2015  14:12:17 #
# Copyright 2010-2013 IAR Systems AB.                                         #
#                                                                             #
#    Output file  =  D:\Drive\1503_RFID-DALLAS\STM8S103F3\Debug\Exe\STM8S103F #
#                    2P_RFID.out                                              #
#    Map file     =  D:\Drive\1503_RFID-DALLAS\STM8S103F3\Debug\List\STM8S103 #
#                    F2P_RFID.map                                             #
#    Command line =  D:\Drive\1503_RFID-DALLAS\STM8S103F3\Debug\Exe\FWLib.a   #
#                    D:\Drive\1503_RFID-DALLAS\STM8S103F3\Debug\Obj\main.o    #
#                    --redirect _Printf=_PrintfFullNoMb --redirect            #
#                    _Scanf=_ScanfFullNoMb -o D:\Drive\1503_RFID-DALLAS\STM8S #
#                    103F3\Debug\Exe\STM8S103F2P_RFID.out --map               #
#                    D:\Drive\1503_RFID-DALLAS\STM8S103F3\Debug\List\STM8S103 #
#                    F2P_RFID.map --config "C:\Program Files (x86)\IAR        #
#                    Systems\Embedded Workbench 6.5_2\stm8\config\lnkstm8s103 #
#                    f2.icf" --config_def _CSTACK_SIZE=0x200 --config_def     #
#                    _HEAP_SIZE=0x1000 --entry __iar_program_start            #
#                    --debug_lib                                              #
#                                                                             #
#                                                                             #
###############################################################################

*******************************************************************************
*** RUNTIME MODEL ATTRIBUTES
***

__SystemLibrary            = DLib
__code_model               = small
__core                     = stm8
__data_model               = medium
__dlib_file_descriptor     = 0
__dlib_full_locale_support = 0
__rt_version               = 4


*******************************************************************************
*** PLACEMENT SUMMARY
***

"A1":  place at start of [0x000000-0x0000ff] { rw section .vregs };
"A2":  place at end of [0x000000-0x0003ff] { block CSTACK };
"P2":  place in [from 0x000000 to 0x0003ff] {
          block HEAP, rw section .far.bss, rw section .far.data,
          rw section .far.noinit, rw section .far_func.textrw,
          rw section .huge.bss, rw section .huge.data, rw section .huge.noinit,
          rw section .huge_func.textrw, rw section .iar.dynexit,
          rw section .near.bss, rw section .near.data, rw section .near.noinit,
          rw section .near_func.textrw };
"A3":  place at start of [0x008000-0x008fff] { block INTVEC };
"P3":  place in [from 0x008000 to 0x008fff] {
          ro section .far.data_init, ro section .far_func.textrw_init,
          ro section .huge.data_init, ro section .huge_func.textrw_init,
          ro section .iar.init_table, ro section .init_array,
          ro section .near.data_init, ro section .near.rodata,
          ro section .near_func.text, ro section .near_func.textrw_init,
          ro section .tiny.data_init, ro section .tiny.rodata_init };

  Section          Kind      Address   Size  Object
  -------          ----      -------   ----  ------
"A1":                                  0x10
  .vregs           uninit   0x000000   0x10  vregs.o [5]
                          - 0x000010   0x10

"P2":                                  0x1c
  .near.bss        zero     0x000010    0xb  main.o [1]
  .near.bss        zero     0x00001b    0x2  main.o [1]
  .near.bss        zero     0x00001d    0x2  main.o [1]
  .near.bss        zero     0x00001f    0x1  main.o [1]
  .near.bss        zero     0x000020    0x1  main.o [1]
  .near.bss        zero     0x000021    0x1  main.o [1]
  .near.bss        zero     0x000022    0x1  main.o [1]
  .near.bss        zero     0x000023    0x1  main.o [1]
  .near.bss        zero     0x000024    0x1  main.o [1]
  .near.bss        zero     0x000025    0x1  main.o [1]
  .near.bss        zero     0x000026    0x1  main.o [1]
  .near.bss        zero     0x000027    0x1  main.o [1]
  .near.bss        zero     0x000028    0x1  main.o [1]
  .near.bss        zero     0x000029    0x1  main.o [1]
  .near.bss        zero     0x00002a    0x1  main.o [1]
  .near.bss        zero     0x00002b    0x1  main.o [1]
                          - 0x00002c   0x1c

"A2":                                 0x200
  CSTACK                    0x000200  0x200  <Block>
    CSTACK         uninit   0x000200  0x200  <Block tail>
                          - 0x000400  0x200

"A3":                                  0x80
  INTVEC                    0x008000   0x80  <Block>
    .intvec        const    0x008000   0x80  interrupt.o [5]
                          - 0x008080   0x80

"P3":                                 0xd12
  .near_func.text  ro code  0x008080  0x20a  main.o [1]
  .near_func.text  ro code  0x00828a  0x18a  main.o [1]
  .near_func.text  ro code  0x008414   0xd7  main.o [1]
  .near_func.text  ro code  0x0084eb   0xd1  long.o [5]
  .near_func.text  ro code  0x0085bc   0xcc  main.o [1]
  .near_func.text  ro code  0x008688   0xcb  vreg_util.o [5]
  .near_func.text  ro code  0x008753   0xbf  main.o [1]
  .near_func.text  ro code  0x008812   0xb9  main.o [1]
  .near_func.text  ro code  0x0088cb   0x9b  stm8s_gpio.o [3]
  .near_func.text  ro code  0x008966   0x87  main.o [1]
  .near_func.text  ro code  0x0089ed   0x63  main.o [1]
  .near_func.text  ro code  0x008a50   0x5a  main.o [1]
  .near_func.text  ro code  0x008aaa   0x59  stm8s_tim2.o [3]
  .near_func.text  ro code  0x008b03   0x37  stm8s_tim2.o [3]
  .near_func.text  ro code  0x008b3a   0x27  main.o [1]
  .iar.init_table  const    0x008b61    0x8  - Linker created -
  .near_func.text  ro code  0x008b69   0x20  main.o [1]
  .near_func.text  ro code  0x008b89   0x20  main.o [1]
  .near_func.text  ro code  0x008ba9   0x1e  init_small.o [5]
  .near_func.text  ro code  0x008bc7   0x1a  main.o [1]
  .near_func.text  ro code  0x008be1   0x1a  stm8s_gpio.o [3]
  .near_func.text  ro code  0x008bfb   0x19  main.o [1]
  .near_func.text  ro code  0x008c14   0x19  stm8s_tim4.o [3]
  .near_func.text  ro code  0x008c2d   0x18  main.o [1]
  .near_func.text  ro code  0x008c45   0x18  main.o [1]
  .near_func.text  ro code  0x008c5d   0x17  main.o [1]
  .near_func.text  ro code  0x008c74   0x17  init.o [5]
  .near_func.text  ro code  0x008c8b   0x14  stm8s_adc1.o [3]
  .near_func.text  ro code  0x008c9f   0x14  __dbg_xxexit.o [4]
  .near_func.text  ro code  0x008cb3   0x13  stm8s_clk.o [3]
  .near_func.text  ro code  0x008cc6   0x13  stm8s_tim4.o [3]
  .near_func.text  ro code  0x008cd9   0x13  cstartup.o [5]
  .near_func.text  ro code  0x008cec   0x12  stm8s_tim2.o [3]
  .near_func.text  ro code  0x008cfe    0xd  stm8s_tim2.o [3]
  .near_func.text  ro code  0x008d0b    0xd  stm8s_tim4.o [3]
  .near_func.text  ro code  0x008d18    0xd  dc_util.o [5]
  .near_func.text  ro code  0x008d25    0xc  long_util.o [5]
  .near_func.text  ro code  0x008d31    0x9  stm8s_tim4.o [3]
  .near_func.text  ro code  0x008d3a    0x8  short.o [5]
  .near_func.text  ro code  0x008d42    0x5  main.o [1]
  .near_func.text  ro code  0x008d47    0x5  stm8s_iwdg.o [3]
  .near_func.text  ro code  0x008d4c    0x5  stm8s_iwdg.o [3]
  .near_func.text  ro code  0x008d51    0x5  stm8s_tim1.o [3]
  .near_func.text  ro code  0x008d56    0x5  stm8s_tim2.o [3]
  .near_func.text  ro code  0x008d5b    0x5  stm8s_tim4.o [3]
  .near_func.text  ro code  0x008d60    0x5  stm8s_tim4.o [3]
  .near_func.text  ro code  0x008d65    0x5  cexit.o [5]
  .near_func.text  ro code  0x008d6a    0x4  stm8s_gpio.o [3]
  .near_func.text  ro code  0x008d6e    0x4  stm8s_iwdg.o [3]
  .near_func.text  ro code  0x008d72    0x4  stm8s_iwdg.o [3]
  .near_func.text  ro code  0x008d76    0x4  stm8s_iwdg.o [3]
  .near_func.text  ro code  0x008d7a    0x4  stm8s_tim4.o [3]
  .near_func.text  ro code  0x008d7e    0x3  stm8s_gpio.o [3]
  .near_func.text  ro code  0x008d81    0x3  stm8s_gpio.o [3]
  .near_func.text  ro code  0x008d84    0x3  interrupt.o [5]
  .near_func.text  ro code  0x008d87    0x3  low_level_init.o [5]
  .near_func.text  ro code  0x008d8a    0x3  exit.o [5]
  .near_func.text  ro code  0x008d8d    0x3  unhandled_exception.o [5]
  .near_func.text  ro code  0x008d90    0x1  main.o [1]
  .near_func.text  ro code  0x008d91    0x1  __dbg_break.o [4]
                          - 0x008d92  0xd12


*******************************************************************************
*** INIT TABLE
***

          Address   Size
          -------   ----
Zero (__iar_zero_init2)
    1 destination range, total size 0x1c:
          0x000010  0x1c



*******************************************************************************
*** MODULE SUMMARY
***

    Module                 ro code  ro data  rw data
    ------                 -------  -------  -------
D:\Drive\1503_RFID-DALLAS\STM8S103F3\Debug\Obj: [1]
    main.o                   2 266                28
    ------------------------------------------------
    Total:                   2 266                28

command line: [2]
    ------------------------------------------------
    Total:

FWLib.a: [3]
    stm8s_adc1.o                20
    stm8s_clk.o                 19
    stm8s_gpio.o               191
    stm8s_iwdg.o                22
    stm8s_tim1.o                 5
    stm8s_tim2.o               180
    stm8s_tim4.o                80
    ------------------------------------------------
    Total:                     517

dbgstm8smd.a: [4]
    __dbg_break.o                1
    __dbg_xxexit.o              20
    ------------------------------------------------
    Total:                      21

dlstm8smn.a: [5]
    cexit.o                      5
    cstartup.o                  19
    dc_util.o                   13
    exit.o                       3
    init.o                      23
    init_small.o                30
    interrupt.o                  3      128
    long.o                     209
    long_util.o                 12
    low_level_init.o             3
    short.o                      8
    unhandled_exception.o        3
    vreg_util.o                203
    vregs.o                                       16
    ------------------------------------------------
    Total:                     534      128       16

    Linker created                        8      512
----------------------------------------------------
    Grand Total:             3 338      136      556


*******************************************************************************
*** ENTRY LIST
***

Entry                    Address   Size  Type      Object
-----                    -------   ----  ----      ------
?b0                     0x000000         Data  Gb  vregs.o [5]
?b1                     0x000001         Data  Gb  vregs.o [5]
?b10                    0x00000a         Data  Gb  vregs.o [5]
?b11                    0x00000b         Data  Gb  vregs.o [5]
?b12                    0x00000c         Data  Gb  vregs.o [5]
?b13                    0x00000d         Data  Gb  vregs.o [5]
?b14                    0x00000e         Data  Gb  vregs.o [5]
?b15                    0x00000f         Data  Gb  vregs.o [5]
?b2                     0x000002         Data  Gb  vregs.o [5]
?b3                     0x000003         Data  Gb  vregs.o [5]
?b4                     0x000004         Data  Gb  vregs.o [5]
?b5                     0x000005         Data  Gb  vregs.o [5]
?b6                     0x000006         Data  Gb  vregs.o [5]
?b7                     0x000007         Data  Gb  vregs.o [5]
?b8                     0x000008         Data  Gb  vregs.o [5]
?b9                     0x000009         Data  Gb  vregs.o [5]
?dc32_l0                0x008d18         Code  Gb  dc_util.o [5]
?dec32_0x_0x            0x0084f0         Code  Gb  long.o [5]
?dec32_l2_l2            0x0084eb         Code  Gb  long.o [5]
?e0                     0x000001         Data  Gb  vregs.o [5]
?e1                     0x000005         Data  Gb  vregs.o [5]
?e2                     0x000009         Data  Gb  vregs.o [5]
?e3                     0x00000d         Data  Gb  vregs.o [5]
?epilogue_l2            0x008723         Code  Gb  vreg_util.o [5]
?epilogue_l2_l3         0x008720         Code  Gb  vreg_util.o [5]
?epilogue_l2_w6         0x008727         Code  Gb  vreg_util.o [5]
?epilogue_w4            0x00872e         Code  Gb  vreg_util.o [5]
?l0                     0x000000         Data  Gb  vregs.o [5]
?l1                     0x000004         Data  Gb  vregs.o [5]
?l2                     0x000008         Data  Gb  vregs.o [5]
?l3                     0x00000c         Data  Gb  vregs.o [5]
?load32_l0_0x           0x008d25         Code  Gb  long_util.o [5]
?mov_e0_e2              0x008735         Code  Gb  vreg_util.o [5]
?mov_e2_e0              0x008749         Code  Gb  vreg_util.o [5]
?mov_l0_l2              0x008732         Code  Gb  vreg_util.o [5]
?mov_l2_l0              0x008746         Code  Gb  vreg_util.o [5]
?mov_w1_w5              0x008738         Code  Gb  vreg_util.o [5]
?mov_w3_w7              0x00873f         Code  Gb  vreg_util.o [5]
?mov_w5_w1              0x00874c         Code  Gb  vreg_util.o [5]
?pop_l0                 0x0086ec         Code  Gb  vreg_util.o [5]
?pop_l1                 0x0086f7         Code  Gb  vreg_util.o [5]
?pop_l2                 0x008702         Code  Gb  vreg_util.o [5]
?pop_l3                 0x00870d         Code  Gb  vreg_util.o [5]
?pop_w4                 0x0086a5         Code  Gb  vreg_util.o [5]
?pop_w6                 0x0086ac         Code  Gb  vreg_util.o [5]
?push_l0                0x0086bb         Code  Gb  vreg_util.o [5]
?push_l1                0x0086c0         Code  Gb  vreg_util.o [5]
?push_l2                0x0086c5         Code  Gb  vreg_util.o [5]
?push_l3                0x0086ca         Code  Gb  vreg_util.o [5]
?push_w4                0x008688         Code  Gb  vreg_util.o [5]
?push_w6                0x00868d         Code  Gb  vreg_util.o [5]
?sdiv32_l0_dl_l1        0x008571         Code  Gb  long.o [5]
?sdiv32_l0_l0_l1        0x008576         Code  Gb  long.o [5]
?sll16_x_x_a            0x008d3a         Code  Gb  short.o [5]
?smod32_l1_l0_l1        0x008576         Code  Gb  long.o [5]
?udiv32_l0_l0_l1        0x008504         Code  Gb  long.o [5]
?umod32_l1_l0_l1        0x008504         Code  Gb  long.o [5]
?w0                     0x000000         Data  Gb  vregs.o [5]
?w1                     0x000002         Data  Gb  vregs.o [5]
?w2                     0x000004         Data  Gb  vregs.o [5]
?w3                     0x000006         Data  Gb  vregs.o [5]
?w4                     0x000008         Data  Gb  vregs.o [5]
?w5                     0x00000a         Data  Gb  vregs.o [5]
?w6                     0x00000c         Data  Gb  vregs.o [5]
?w7                     0x00000e         Data  Gb  vregs.o [5]
ADC1_ConversationComplete
                        0x008bc7   0x1a  Code  Gb  main.o [1]
ADC1_ITConfig           0x008c8b   0x14  Code  Gb  stm8s_adc1.o [3]
BuzzerChirp             0x008966   0x87  Code  Gb  main.o [1]
BuzzerSound             0x008753   0xbf  Code  Gb  main.o [1]
BuzzerStart             0x008812   0xb9  Code  Gb  main.o [1]
CLK_Configuration       0x008d42    0x5  Code  Gb  main.o [1]
CLK_HSIPrescalerConfig  0x008cb3   0x13  Code  Gb  stm8s_clk.o [3]
CRC8                    0x008a50   0x5a  Code  Gb  main.o [1]
CSTACK$$Base            0x000200          --   Gb  - Linker created -
CSTACK$$Limit           0x000400          --   Gb  - Linker created -
EMMarineDataReceive     0x008d90    0x1  Code  Gb  main.o [1]
GPIO_Configuration      0x0089ed   0x63  Code  Gb  main.o [1]
GPIO_DeInit             0x008be1   0x1a  Code  Gb  stm8s_gpio.o [3]
GPIO_Init               0x0088cb   0x9b  Code  Gb  stm8s_gpio.o [3]
GPIO_ReadInputPin       0x008d81    0x3  Code  Gb  stm8s_gpio.o [3]
GPIO_WriteHigh          0x008d7e    0x3  Code  Gb  stm8s_gpio.o [3]
GPIO_WriteLow           0x008d6a    0x4  Code  Gb  stm8s_gpio.o [3]
INTVEC$$Base            0x008000          --   Gb  - Linker created -
INTVEC$$Limit           0x008080          --   Gb  - Linker created -
IWDG_Configuration      0x008c5d   0x17  Code  Gb  main.o [1]
IWDG_Enable             0x008d4c    0x5  Code  Gb  stm8s_iwdg.o [3]
IWDG_ReloadCounter      0x008d47    0x5  Code  Gb  stm8s_iwdg.o [3]
IWDG_SetPrescaler       0x008d72    0x4  Code  Gb  stm8s_iwdg.o [3]
IWDG_SetReload          0x008d76    0x4  Code  Gb  stm8s_iwdg.o [3]
IWDG_WriteAccessCmd     0x008d6e    0x4  Code  Gb  stm8s_iwdg.o [3]
OWTM_SendData           0x008080  0x20a  Code  Gb  main.o [1]
RFID_FindStart          0x0085bc   0xcc  Code  Gb  main.o [1]
RFID_GetData            0x00828a  0x18a  Code  Gb  main.o [1]
RFID_Reset              0x008bfb   0x19  Code  Gb  main.o [1]
Region$$Table$$Base     0x008b61          --   Gb  - Linker created -
Region$$Table$$Limit    0x008b69          --   Gb  - Linker created -
TIM1_ClearITPendingBit  0x008d51    0x5  Code  Gb  stm8s_tim1.o [3]
TIM1_Update             0x008c2d   0x18  Code  Gb  main.o [1]
TIM2_CC2                0x008c45   0x18  Code  Gb  main.o [1]
TIM2_ClearITPendingBit  0x008d56    0x5  Code  Gb  stm8s_tim2.o [3]
TIM2_Cmd                0x008cfe    0xd  Code  Gb  stm8s_tim2.o [3]
TIM2_Configuration      0x008b69   0x20  Code  Gb  main.o [1]
TIM2_DeInit             0x008aaa   0x59  Code  Gb  stm8s_tim2.o [3]
TIM2_OC2Init            0x008b03   0x37  Code  Gb  stm8s_tim2.o [3]
TIM2_TimeBaseInit       0x008cec   0x12  Code  Gb  stm8s_tim2.o [3]
TIM4_ClearFlag          0x008d5b    0x5  Code  Gb  stm8s_tim4.o [3]
TIM4_ClearITPendingBit  0x008d60    0x5  Code  Gb  stm8s_tim4.o [3]
TIM4_Cmd                0x008d0b    0xd  Code  Gb  stm8s_tim4.o [3]
TIM4_Configuration      0x008b89   0x20  Code  Gb  main.o [1]
TIM4_DeInit             0x008c14   0x19  Code  Gb  stm8s_tim4.o [3]
TIM4_ITConfig           0x008cc6   0x13  Code  Gb  stm8s_tim4.o [3]
TIM4_ReceiveDataTimer   0x008b3a   0x27  Code  Gb  main.o [1]
TIM4_SetCounter         0x008d7a    0x4  Code  Gb  stm8s_tim4.o [3]
TIM4_TimeBaseInit       0x008d31    0x9  Code  Gb  stm8s_tim4.o [3]
__DebugBreak            0x008d91    0x1  Code  Gb  __dbg_break.o [4]
__exit                  0x008c9f   0x14  Code  Gb  __dbg_xxexit.o [4]
__iar_data_init2        0x008c74   0x17  Code  Gb  init.o [5]
__iar_program_start     0x008cd9         Code  Gb  cstartup.o [5]
__iar_unhandled_exception
                        0x008d8d         Code  Gb  unhandled_exception.o [5]
__iar_zero_init2        0x008ba9         Code  Gb  init_small.o [5]
__intvec                0x008000         Data  Gb  interrupt.o [5]
__low_level_init        0x008d87    0x3  Code  Gb  low_level_init.o [5]
_exit                   0x008d65         Code  Gb  cexit.o [5]
_interrupt_1            0x008d84         Code  Wk  interrupt.o [5]
_interrupt_10           0x008d84         Code  Wk  interrupt.o [5]
_interrupt_11           0x008d84         Code  Wk  interrupt.o [5]
_interrupt_12           0x008d84         Code  Wk  interrupt.o [5]
_interrupt_13           0x008c2d         Code  Gb  main.o [1]
_interrupt_14           0x008c45         Code  Gb  main.o [1]
_interrupt_15           0x008d84         Code  Wk  interrupt.o [5]
_interrupt_16           0x008d84         Code  Wk  interrupt.o [5]
_interrupt_17           0x008d84         Code  Wk  interrupt.o [5]
_interrupt_18           0x008d84         Code  Wk  interrupt.o [5]
_interrupt_19           0x008d84         Code  Wk  interrupt.o [5]
_interrupt_2            0x008d84         Code  Wk  interrupt.o [5]
_interrupt_20           0x008d84         Code  Wk  interrupt.o [5]
_interrupt_21           0x008d84         Code  Wk  interrupt.o [5]
_interrupt_22           0x008d84         Code  Wk  interrupt.o [5]
_interrupt_23           0x008d84         Code  Wk  interrupt.o [5]
_interrupt_24           0x008bc7         Code  Gb  main.o [1]
_interrupt_25           0x008b3a         Code  Gb  main.o [1]
_interrupt_26           0x008d84         Code  Wk  interrupt.o [5]
_interrupt_27           0x008d84         Code  Wk  interrupt.o [5]
_interrupt_28           0x008d84         Code  Wk  interrupt.o [5]
_interrupt_29           0x008d84         Code  Wk  interrupt.o [5]
_interrupt_3            0x008d84         Code  Wk  interrupt.o [5]
_interrupt_30           0x008d84         Code  Wk  interrupt.o [5]
_interrupt_31           0x008d84         Code  Wk  interrupt.o [5]
_interrupt_4            0x008d84         Code  Wk  interrupt.o [5]
_interrupt_5            0x008d84         Code  Wk  interrupt.o [5]
_interrupt_6            0x008d84         Code  Wk  interrupt.o [5]
_interrupt_7            0x008d90         Code  Gb  main.o [1]
_interrupt_8            0x008d84         Code  Wk  interrupt.o [5]
_interrupt_9            0x008d84         Code  Wk  interrupt.o [5]
exit                    0x008d8a    0x3  Code  Gb  exit.o [5]
flagRfidKeyCodeReady    0x000029    0x1  Data  Gb  main.o [1]
flagRfidKeyCodeSendOk   0x00002a    0x1  Data  Gb  main.o [1]
main                    0x008414   0xd7  Code  Gb  main.o [1]
ucCnt                   0x000024    0x1  Data  Gb  main.o [1]
ucDataBit               0x000020    0x1  Data  Gb  main.o [1]
ucDataByte              0x00001f    0x1  Data  Gb  main.o [1]
ucDataReceiveBuffer     0x000010    0xb  Data  Gb  main.o [1]
ucDataReceiveIndex      0x000023    0x1  Data  Gb  main.o [1]
ucDuration              0x000025    0x1  Data  Gb  main.o [1]
ucDurationFlag          0x000026    0x1  Data  Gb  main.o [1]
ucEdgeCounter           0x000027    0x1  Data  Gb  main.o [1]
ucInputLevel            0x000028    0x1  Data  Gb  main.o [1]
ucRowParity             0x000021    0x1  Data  Gb  main.o [1]
ucStringParity          0x000022    0x1  Data  Gb  main.o [1]
ucTestMaxStartCounter   0x00002b    0x1  Data  Gb  main.o [1]
uiRfidFreqCnt           0x00001b    0x2  Data  Gb  main.o [1]
uiRfidPulsesCounter     0x00001d    0x2  Data  Gb  main.o [1]


[1] = D:\Drive\1503_RFID-DALLAS\STM8S103F3\Debug\Obj
[2] = command line
[3] = FWLib.a
[4] = dbgstm8smd.a
[5] = dlstm8smn.a

  3 338 bytes of readonly  code memory
    136 bytes of readonly  data memory
    556 bytes of readwrite data memory

Errors: none
Warnings: none
